../Core/Src/main.c:316:5:main	16	static
../Core/Src/main.c:497:6:SystemClock_Config	88	static
../Core/Src/main.c:543:13:MX_I2C1_Init	8	static
../Core/Src/main.c:577:13:MX_I2C2_Init	8	static
../Core/Src/main.c:611:13:MX_SPI1_Init	8	static
../Core/Src/main.c:649:13:MX_TIM1_Init	80	static
../Core/Src/main.c:714:13:MX_TIM2_Init	48	static
../Core/Src/main.c:763:13:MX_TIM3_Init	56	static
../Core/Src/main.c:812:13:MX_TIM4_Init	56	static
../Core/Src/main.c:861:13:MX_TIM5_Init	48	static
../Core/Src/main.c:910:13:MX_TIM6_Init	16	static
../Core/Src/main.c:948:13:MX_TIM8_Init	32	static
../Core/Src/main.c:994:13:MX_TIM9_Init	24	static
../Core/Src/main.c:1032:13:MX_TIM10_Init	8	static
../Core/Src/main.c:1063:13:MX_TIM11_Init	8	static
../Core/Src/main.c:1094:13:MX_USART1_UART_Init	8	static
../Core/Src/main.c:1127:13:MX_USART2_UART_Init	8	static
../Core/Src/main.c:1160:13:MX_GPIO_Init	56	static
../Core/Src/main.c:1223:6:DIR_Servo	16	static
../Core/Src/main.c:1237:6:HAL_TIM_PWM_PulseFinishedCallback	16	static
../Core/Src/main.c:1262:6:Stepper	24	static
../Core/Src/main.c:1269:6:UART_1	328	dynamic
../Core/Src/main.c:1374:6:Initial_Mobile_Robot	16	static
../Core/Src/main.c:1384:6:Initial_PID_XY	16	static
../Core/Src/main.c:1498:6:Inverse_Right_Motor	16	static
../Core/Src/main.c:1512:6:Inverse_Left_Motor	16	static
../Core/Src/main.c:1526:6:Output_K_PID	40	static
../Core/Src/main.c:1537:6:Forward_Kinematic	32	static
../Core/Src/main.c:1556:7:FC_1	32	static
../Core/Src/main.c:1568:7:Tam_xuat	24	static
../Core/Src/main.c:1576:6:Path_planing	40	static
../Core/Src/main.c:1616:6:HAL_I2C_SlaveRxCpltCallback	32	static
../Core/Src/main.c:1680:6:HAL_I2C_AddrCallback	16	static
../Core/Src/main.c:1696:6:HAL_TIM_PeriodElapsedCallback	64	static
../Core/Src/main.c:1990:6:Error_Handler	4	static,ignoring_inline_asm
